ggml_cuda_init: GGML_CUDA_FORCE_MMQ:    no
ggml_cuda_init: GGML_CUDA_FORCE_CUBLAS: no
ggml_cuda_init: found 1 CUDA devices:
  Device 0: NVIDIA GeForce RTX 5090, compute capability 12.0, VMM: yes
ggml_cuda_nvfp4_log_vcache_fp4_pv_once: CUDA NVFP4 V-cache p*v uses dynamic NVFP4 P; global-scale V defaults to per-head native slices
ggml_cuda_nvfp4_log_vcache_batched_switch_once: GGML_CUDA_NVFP4_VCACHE_BATCHED=(unset) -> disabled, using the existing per-head native V-cache path
ggml_cuda_nvfp4_log_bf16_quant_once: GGML_CUDA_NVFP4_BF16_QUANT=(unset) -> disabled, using FP32 nearest-neighbor NVFP4 quantization
ggml_cuda_nvfp4_log_trunc_bf16_input_once: GGML_CUDA_NVFP4_TRUNC_BF16_INPUT=(unset) -> disabled, FP32 nearest-neighbor NVFP4 quantization uses full FP32 activations
ggml_cuda_nvfp4_log_vcache_native_slice_active_once: native-slice V-cache P*V active rows=128 cols=2 kv_size=512 q_heads=32 q_streams=1 P=F32 at wrapper boundary dynamic_P_quantization=native-matmul V_scale_compensation=native_weight_scale_1_over_global_scale
ggml_cuda_nvfp4_log_vcache_cublaslt_trace_switch_once: GGML_CUDA_NVFP4_VCACHE_CUBLASLT_TRACE=(unset) -> disabled
ggml_cuda_nvfp4_log_vcache_matmul_path_once: CUDA NVFP4 V-cache p*v matmul path=native-slice-dynamic-p-global-scale
test-vcache-nvfp4-matmul: benchmark kv_size=512 path=global-native-slice 595.974 us/iter (100 iters)
ggml_cuda_init: GGML_CUDA_FORCE_MMQ:    no
ggml_cuda_init: GGML_CUDA_FORCE_CUBLAS: no
ggml_cuda_init: found 1 CUDA devices:
  Device 0: NVIDIA GeForce RTX 5090, compute capability 12.0, VMM: yes
ggml_cuda_nvfp4_log_vcache_fp4_pv_once: CUDA NVFP4 V-cache p*v uses dynamic NVFP4 P; global-scale V defaults to per-head native slices
ggml_cuda_nvfp4_log_vcache_batched_switch_once: GGML_CUDA_NVFP4_VCACHE_BATCHED=(unset) -> disabled, using the existing per-head native V-cache path
ggml_cuda_nvfp4_log_bf16_quant_once: GGML_CUDA_NVFP4_BF16_QUANT=(unset) -> disabled, using FP32 nearest-neighbor NVFP4 quantization
ggml_cuda_nvfp4_log_trunc_bf16_input_once: GGML_CUDA_NVFP4_TRUNC_BF16_INPUT=(unset) -> disabled, FP32 nearest-neighbor NVFP4 quantization uses full FP32 activations
ggml_cuda_nvfp4_log_vcache_native_slice_active_once: native-slice V-cache P*V active rows=128 cols=2 kv_size=2048 q_heads=32 q_streams=1 P=F32 at wrapper boundary dynamic_P_quantization=native-matmul V_scale_compensation=native_weight_scale_1_over_global_scale
ggml_cuda_nvfp4_log_vcache_cublaslt_trace_switch_once: GGML_CUDA_NVFP4_VCACHE_CUBLASLT_TRACE=(unset) -> disabled
ggml_cuda_nvfp4_log_vcache_matmul_path_once: CUDA NVFP4 V-cache p*v matmul path=native-slice-dynamic-p-global-scale
test-vcache-nvfp4-matmul: benchmark kv_size=2048 path=global-native-slice 671.691 us/iter (100 iters)
ggml_cuda_init: GGML_CUDA_FORCE_MMQ:    no
ggml_cuda_init: GGML_CUDA_FORCE_CUBLAS: no
ggml_cuda_init: found 1 CUDA devices:
  Device 0: NVIDIA GeForce RTX 5090, compute capability 12.0, VMM: yes
ggml_cuda_nvfp4_log_vcache_fp4_pv_once: CUDA NVFP4 V-cache p*v uses dynamic NVFP4 P; global-scale V defaults to per-head native slices
ggml_cuda_nvfp4_log_vcache_batched_switch_once: GGML_CUDA_NVFP4_VCACHE_BATCHED=(unset) -> disabled, using the existing per-head native V-cache path
ggml_cuda_nvfp4_log_bf16_quant_once: GGML_CUDA_NVFP4_BF16_QUANT=(unset) -> disabled, using FP32 nearest-neighbor NVFP4 quantization
ggml_cuda_nvfp4_log_trunc_bf16_input_once: GGML_CUDA_NVFP4_TRUNC_BF16_INPUT=(unset) -> disabled, FP32 nearest-neighbor NVFP4 quantization uses full FP32 activations
ggml_cuda_nvfp4_log_vcache_native_slice_active_once: native-slice V-cache P*V active rows=128 cols=2 kv_size=8192 q_heads=32 q_streams=1 P=F32 at wrapper boundary dynamic_P_quantization=native-matmul V_scale_compensation=native_weight_scale_1_over_global_scale
ggml_cuda_nvfp4_log_vcache_cublaslt_trace_switch_once: GGML_CUDA_NVFP4_VCACHE_CUBLASLT_TRACE=(unset) -> disabled
ggml_cuda_nvfp4_log_vcache_matmul_path_once: CUDA NVFP4 V-cache p*v matmul path=native-slice-dynamic-p-global-scale
test-vcache-nvfp4-matmul: benchmark kv_size=8192 path=global-native-slice 1287.609 us/iter (100 iters)
ggml_cuda_init: GGML_CUDA_FORCE_MMQ:    no
ggml_cuda_init: GGML_CUDA_FORCE_CUBLAS: no
ggml_cuda_init: found 1 CUDA devices:
  Device 0: NVIDIA GeForce RTX 5090, compute capability 12.0, VMM: yes
ggml_cuda_nvfp4_log_vcache_fp4_pv_once: CUDA NVFP4 V-cache p*v uses dynamic NVFP4 P; global-scale V defaults to per-head native slices
ggml_cuda_nvfp4_log_vcache_batched_switch_once: GGML_CUDA_NVFP4_VCACHE_BATCHED=(unset) -> disabled, using the existing per-head native V-cache path
ggml_cuda_nvfp4_log_bf16_quant_once: GGML_CUDA_NVFP4_BF16_QUANT=(unset) -> disabled, using FP32 nearest-neighbor NVFP4 quantization
ggml_cuda_nvfp4_log_trunc_bf16_input_once: GGML_CUDA_NVFP4_TRUNC_BF16_INPUT=(unset) -> disabled, FP32 nearest-neighbor NVFP4 quantization uses full FP32 activations
ggml_cuda_nvfp4_log_vcache_native_slice_active_once: native-slice V-cache P*V active rows=128 cols=2 kv_size=32768 q_heads=32 q_streams=1 P=F32 at wrapper boundary dynamic_P_quantization=native-matmul V_scale_compensation=native_weight_scale_1_over_global_scale
ggml_cuda_nvfp4_log_vcache_cublaslt_trace_switch_once: GGML_CUDA_NVFP4_VCACHE_CUBLASLT_TRACE=(unset) -> disabled
ggml_cuda_nvfp4_log_vcache_matmul_path_once: CUDA NVFP4 V-cache p*v matmul path=native-slice-dynamic-p-global-scale
test-vcache-nvfp4-matmul: benchmark kv_size=32768 path=global-native-slice 3874.108 us/iter (100 iters)
